[a.stmn1.com/7cth/2026-2/index.html]
[backblue.gif]
[fade.gif]
[index.html]
[a.stmn1.com/7cth/2026-2/stylesheet.css]
[a.stmn1.com/7cth/2026-2/1_dg.html]
[a.stmn1.com/7cth/2026-2/1_cv.html]
[a.stmn1.com/7cth/2026-2/1_ce.html]
[a.stmn1.com/7cth/2026-2/1_ts.html]
[a.stmn1.com/7cth/2026-2/1_h_1.html]
[a.stmn1.com/7cth/2026-2/1_h_hymn.html]
[a.stmn1.com/7cth/2026-2/2_dg.html]
[a.stmn1.com/7cth/2026-2/2_cv.html]
[a.stmn1.com/7cth/2026-2/2_ce.html]
[a.stmn1.com/7cth/2026-2/2_ts.html]
[a.stmn1.com/7cth/2026-2/2_h_1.html]
[a.stmn1.com/7cth/2026-2/2_h_hymn.html]
[a.stmn1.com/7cth/2026-2/3_dg.html]
[a.stmn1.com/7cth/2026-2/3_cv.html]
[a.stmn1.com/7cth/2026-2/3_ce.html]
[a.stmn1.com/7cth/2026-2/3_ts.html]
[a.stmn1.com/7cth/2026-2/3_h_1.html]
[a.stmn1.com/7cth/2026-2/3_h_hymn.html]
[a.stmn1.com/7cth/2026-2/4_dg.html]
[a.stmn1.com/7cth/2026-2/4_cv.html]
[a.stmn1.com/7cth/2026-2/4_ce.html]
[a.stmn1.com/7cth/2026-2/4_ts.html]
[a.stmn1.com/7cth/2026-2/4_h_1.html]
[a.stmn1.com/7cth/2026-2/4_h_hymn.html]
[a.stmn1.com/7cth/2026-2/5_dg.html]
[a.stmn1.com/7cth/2026-2/5_cv.html]
[a.stmn1.com/7cth/2026-2/5_ce.html]
[a.stmn1.com/7cth/2026-2/5_ts.html]
[a.stmn1.com/7cth/2026-2/5_h_1.html]
[a.stmn1.com/7cth/2026-2/5_h_hymn.html]
[a.stmn1.com/7cth/2026-2/6_dg.html]
[a.stmn1.com/7cth/2026-2/6_cv.html]
[a.stmn1.com/7cth/2026-2/6_ce.html]
[a.stmn1.com/7cth/2026-2/6_ts.html]
[a.stmn1.com/7cth/2026-2/6_h_1.html]
[a.stmn1.com/7cth/2026-2/6_h_hymn.html]
[a.stmn1.com/7cth/2026-2/7_dg.html]
[a.stmn1.com/7cth/2026-2/7_cv.html]
[a.stmn1.com/7cth/2026-2/7_ce.html]
[a.stmn1.com/7cth/2026-2/7_h_1.html]
[a.stmn1.com/7cth/2026-2/7_ts.html]
[a.stmn1.com/7cth/2026-2/7_h_hymn.html]
[a.stmn1.com/7cth/2026-2/8_dg.html]
[a.stmn1.com/7cth/2026-2/8_cv.html]
[a.stmn1.com/7cth/2026-2/8_ce.html]
[a.stmn1.com/7cth/2026-2/8_ts.html]
[a.stmn1.com/7cth/2026-2/8_h_1.html]
[a.stmn1.com/7cth/2026-2/8_h_hymn.html]
[a.stmn1.com/1.js]
[a.stmn1.com/7cth/2026-2/index.html]
[a.stmn1.com/7cth/2026-2/stylesheet.css]
[a.stmn1.com/7cth/2026-2/1_dg.html]
[a.stmn1.com/7cth/2026-2/verse.png]
[a.stmn1.com/7cth/2026-2/1_cv.html]
[a.stmn1.com/7cth/2026-2/1_ce.html]
[a.stmn1.com/7cth/2026-2/1_ts.html]
[a.stmn1.com/7cth/2026-2/1_h_2.html]
[a.stmn1.com/7cth/2026-2/1_h_3.html]
[a.stmn1.com/7cth/2026-2/1_h_4.html]
[a.stmn1.com/7cth/2026-2/1_h_5.html]
[a.stmn1.com/7cth/2026-2/1_h_1.html]
[a.stmn1.com/7cth/2026-2/1_h_6.html]
[a.stmn1.com/7cth/2026-2/1_hymn.png]
[a.stmn1.com/7cth/2026-2/1_h_hymn.html]
[a.stmn1.com/7cth/2026-2/2_dg.html]
[a.stmn1.com/7cth/2026-2/2_cv.html]
[a.stmn1.com/7cth/2026-2/2_ce.html]
[a.stmn1.com/7cth/2026-2/2_ts.html]
[a.stmn1.com/7cth/2026-2/2_h_2.html]
[a.stmn1.com/7cth/2026-2/2_h_3.html]
[a.stmn1.com/7cth/2026-2/2_h_4.html]
[a.stmn1.com/7cth/2026-2/2_h_5.html]
[a.stmn1.com/7cth/2026-2/2_h_1.html]
[a.stmn1.com/7cth/2026-2/2_h_6.html]
[a.stmn1.com/7cth/2026-2/2_hymn.png]
[a.stmn1.com/7cth/2026-2/2_h_hymn.html]
[a.stmn1.com/7cth/2026-2/3_dg.html]
[a.stmn1.com/7cth/2026-2/3_cv.html]
[a.stmn1.com/7cth/2026-2/3_ce.html]
[a.stmn1.com/7cth/2026-2/3_ts.html]
[a.stmn1.com/7cth/2026-2/3_h_2.html]
[a.stmn1.com/7cth/2026-2/3_h_3.html]
[a.stmn1.com/7cth/2026-2/3_h_4.html]
[a.stmn1.com/7cth/2026-2/3_h_5.html]
[a.stmn1.com/7cth/2026-2/3_h_1.html]
[a.stmn1.com/7cth/2026-2/3_h_6.html]
[a.stmn1.com/7cth/2026-2/3_hymn.png]
[a.stmn1.com/7cth/2026-2/3_h_hymn.html]
[a.stmn1.com/7cth/2026-2/4_dg.html]
[a.stmn1.com/7cth/2026-2/4_cv.html]
[a.stmn1.com/7cth/2026-2/4_ce.html]
[a.stmn1.com/7cth/2026-2/4_ts.html]
[a.stmn1.com/7cth/2026-2/4_h_2.html]
[a.stmn1.com/7cth/2026-2/4_h_3.html]
[a.stmn1.com/7cth/2026-2/4_h_4.html]
[a.stmn1.com/7cth/2026-2/4_h_5.html]
[a.stmn1.com/7cth/2026-2/4_h_1.html]
[a.stmn1.com/7cth/2026-2/4_h_6.html]
[a.stmn1.com/7cth/2026-2/4_hymn.png]
[a.stmn1.com/7cth/2026-2/4_h_hymn.html]
[a.stmn1.com/7cth/2026-2/5_dg.html]
[a.stmn1.com/7cth/2026-2/5_cv.html]
[a.stmn1.com/7cth/2026-2/5_ce.html]
[a.stmn1.com/7cth/2026-2/5_ts.html]
[a.stmn1.com/7cth/2026-2/5_h_2.html]
[a.stmn1.com/7cth/2026-2/5_h_3.html]
[a.stmn1.com/7cth/2026-2/5_h_4.html]
[a.stmn1.com/7cth/2026-2/5_h_5.html]
[a.stmn1.com/7cth/2026-2/5_h_1.html]
[a.stmn1.com/7cth/2026-2/5_h_6.html]
[a.stmn1.com/7cth/2026-2/5_hymn.png]
[a.stmn1.com/7cth/2026-2/5_h_hymn.html]
[a.stmn1.com/7cth/2026-2/6_dg.html]
[a.stmn1.com/7cth/2026-2/6_cv.html]
[a.stmn1.com/7cth/2026-2/6_ce.html]
[a.stmn1.com/7cth/2026-2/6_ts.html]
[a.stmn1.com/7cth/2026-2/6_h_2.html]
[a.stmn1.com/7cth/2026-2/6_h_3.html]
[a.stmn1.com/7cth/2026-2/6_h_4.html]
[a.stmn1.com/7cth/2026-2/6_h_5.html]
[a.stmn1.com/7cth/2026-2/6_h_1.html]
[a.stmn1.com/7cth/2026-2/6_h_6.html]
[a.stmn1.com/7cth/2026-2/6_hymn.png]
[a.stmn1.com/7cth/2026-2/6_h_hymn.html]
[a.stmn1.com/7cth/2026-2/7_dg.html]
[a.stmn1.com/7cth/2026-2/7_cv.html]
[a.stmn1.com/7cth/2026-2/7_ce.html]
[a.stmn1.com/7cth/2026-2/7_ts.html]
[a.stmn1.com/7cth/2026-2/7_h_2.html]
[a.stmn1.com/7cth/2026-2/7_h_3.html]
[a.stmn1.com/7cth/2026-2/7_h_4.html]
[a.stmn1.com/7cth/2026-2/7_h_5.html]
[a.stmn1.com/7cth/2026-2/7_h_1.html]
[a.stmn1.com/7cth/2026-2/7_h_6.html]
[a.stmn1.com/7cth/2026-2/7_hymn.png]
[a.stmn1.com/7cth/2026-2/7_h_hymn.html]
[a.stmn1.com/7cth/2026-2/8_dg.html]
[a.stmn1.com/7cth/2026-2/8_cv.html]
[a.stmn1.com/7cth/2026-2/8_ce.html]
[a.stmn1.com/7cth/2026-2/M8.png]
[a.stmn1.com/7cth/2026-2/8_ts.html]
[a.stmn1.com/7cth/2026-2/8_h_2.html]
[a.stmn1.com/7cth/2026-2/8_h_3.html]
[a.stmn1.com/7cth/2026-2/8_h_4.html]
[a.stmn1.com/7cth/2026-2/8_h_5.html]
[a.stmn1.com/7cth/2026-2/8_h_1.html]
[a.stmn1.com/7cth/2026-2/8_h_6.html]
[a.stmn1.com/7cth/2026-2/8_hymn.png]
[a.stmn1.com/7cth/2026-2/8_h_hymn.html]
[a.stmn1.com/7cth/2026-2/1_h_2.html]
[a.stmn1.com/7cth/2026-2/1_h_3.html]
[a.stmn1.com/7cth/2026-2/1_h_4.html]
[a.stmn1.com/7cth/2026-2/1_h_5.html]
[a.stmn1.com/7cth/2026-2/1_h_6.html]
[a.stmn1.com/7cth/2026-2/2_h_2.html]
[a.stmn1.com/7cth/2026-2/2_h_3.html]
[a.stmn1.com/7cth/2026-2/2_h_4.html]
[a.stmn1.com/7cth/2026-2/2_h_5.html]
[a.stmn1.com/7cth/2026-2/2_h_6.html]
[a.stmn1.com/7cth/2026-2/3_h_2.html]
[a.stmn1.com/7cth/2026-2/3_h_3.html]
[a.stmn1.com/7cth/2026-2/3_h_4.html]
[a.stmn1.com/7cth/2026-2/3_h_5.html]
[a.stmn1.com/7cth/2026-2/3_h_6.html]
[a.stmn1.com/7cth/2026-2/4_h_2.html]
[a.stmn1.com/7cth/2026-2/4_h_3.html]
[a.stmn1.com/7cth/2026-2/4_h_4.html]
[a.stmn1.com/7cth/2026-2/4_h_5.html]
[a.stmn1.com/7cth/2026-2/4_h_6.html]
[a.stmn1.com/7cth/2026-2/5_h_2.html]
[a.stmn1.com/7cth/2026-2/5_h_3.html]
[a.stmn1.com/7cth/2026-2/5_h_4.html]
[a.stmn1.com/7cth/2026-2/5_h_5.html]
[a.stmn1.com/7cth/2026-2/5_h_6.html]
[a.stmn1.com/7cth/2026-2/6_h_2.html]
[a.stmn1.com/7cth/2026-2/6_h_3.html]
[a.stmn1.com/7cth/2026-2/6_h_4.html]
[a.stmn1.com/7cth/2026-2/6_h_5.html]
[a.stmn1.com/7cth/2026-2/6_h_6.html]
[a.stmn1.com/7cth/2026-2/7_h_2.html]
[a.stmn1.com/7cth/2026-2/7_h_3.html]
[a.stmn1.com/7cth/2026-2/7_h_4.html]
[a.stmn1.com/7cth/2026-2/7_h_5.html]
[a.stmn1.com/7cth/2026-2/7_h_6.html]
[a.stmn1.com/7cth/2026-2/8_h_2.html]
[a.stmn1.com/7cth/2026-2/8_h_3.html]
[a.stmn1.com/7cth/2026-2/8_h_4.html]
[a.stmn1.com/7cth/2026-2/8_h_5.html]
[a.stmn1.com/7cth/2026-2/8_h_6.html]
